<!doctype html>
<html>
<script src="/js/a-bundle.js"></script>
<script src="/js/b-bundle.js"></script>
